// Jest Snapshot v1, https://goo.gl/fbAQLP

exports[`render correctly text component 1`] = `
<div
  className="MuiPaper-root MuiCard-root makeStyles-root-1 MuiPaper-elevation1 MuiPaper-rounded"
>
  <div
    className="MuiCardContent-root"
  >
    <h6
      className="MuiTypography-root makeStyles-title-2 MuiTypography-h6"
    >
      Test Product
    </h6>
    <p
      className="MuiTypography-root makeStyles-body-3 MuiTypography-body1"
    >
      <div
        dangerouslySetInnerHTML={
          Object {
            "__html": "This is a short description",
          }
        }
      />
    </p>
  </div>
  <div
    className="MuiCardActions-root makeStyles-actions-4 MuiCardActions-spacing"
  >
    <p
      className="MuiTypography-root MuiTypography-body1"
    >
      $22.00
    </p>
    <button
      className="MuiButtonBase-root MuiButton-root MuiButton-text"
      data-testid="add-product-1"
      disabled={false}
      onBlur={[Function]}
      onClick={[Function]}
      onDragLeave={[Function]}
      onFocus={[Function]}
      onKeyDown={[Function]}
      onKeyUp={[Function]}
      onMouseDown={[Function]}
      onMouseLeave={[Function]}
      onMouseUp={[Function]}
      onTouchEnd={[Function]}
      onTouchMove={[Function]}
      onTouchStart={[Function]}
      tabIndex={0}
      type="button"
    >
      <span
        className="MuiButton-label"
      >
        Add to Cart
      </span>
      <span
        className="MuiTouchRipple-root"
      />
    </button>
  </div>
</div>
`;
